nohup: ignoring input
   ▲ Next.js 16.0.3 (Turbopack)
   - Local:         http://localhost:44777
   - Network:       http://0.0.0.0:44777
   - Environments: .env

 ✓ Starting...
 ✓ Ready in 810ms
 ○ Compiling /dashboard ...
The width(-1) and height(-1) of chart should be greater than 0,
       please check the style of container, or the props width(100%) and height(100%),
       or add a minWidth(0) or minHeight(undefined) or use aspect(undefined) to control the
       height and width.
 GET /dashboard 200 in 6.0s (compile: 5.3s, render: 740ms)
 GET /api/schools 200 in 475ms (compile: 446ms, render: 30ms)
The width(-1) and height(-1) of chart should be greater than 0,
       please check the style of container, or the props width(100%) and height(100%),
       or add a minWidth(0) or minHeight(undefined) or use aspect(undefined) to control the
       height and width.
 GET /dashboard 200 in 247ms (compile: 9ms, render: 238ms)
 GET /api/schools 200 in 18ms (compile: 5ms, render: 13ms)
 GET /assessment-plans 200 in 1426ms (compile: 1377ms, render: 49ms)
 GET /registrations 200 in 1155ms (compile: 1116ms, render: 39ms)
 GET /assessment-plans 200 in 65ms (compile: 6ms, render: 59ms)
 GET /classes 200 in 1061ms (compile: 970ms, render: 91ms)
 GET /dashboard 200 in 122ms (compile: 5ms, render: 117ms)
 GET / 307 in 728ms (compile: 657ms, render: 71ms)
The width(-1) and height(-1) of chart should be greater than 0,
       please check the style of container, or the props width(100%) and height(100%),
       or add a minWidth(0) or minHeight(undefined) or use aspect(undefined) to control the
       height and width.
 GET /dashboard 200 in 262ms (compile: 5ms, render: 257ms)
 ⚠ Cross origin request detected from departments-mazda-wow-that.trycloudflare.com to /_next/* resource. In a future major version of Next.js, you will need to explicitly configure "allowedDevOrigins" in next.config to allow this.
Read more: https://nextjs.org/docs/app/api-reference/config/next-config-js/allowedDevOrigins
 GET /api/schools 200 in 19ms (compile: 5ms, render: 14ms)
The width(-1) and height(-1) of chart should be greater than 0,
       please check the style of container, or the props width(100%) and height(100%),
       or add a minWidth(0) or minHeight(undefined) or use aspect(undefined) to control the
       height and width.
 GET /dashboard 200 in 245ms (compile: 4ms, render: 240ms)
 GET /api/schools 200 in 11ms (compile: 2ms, render: 8ms)
 GET /assessment-plans 200 in 98ms (compile: 7ms, render: 91ms)
 GET /classes 200 in 98ms (compile: 5ms, render: 93ms)
 GET /classes/cmi8680lv000b4zdqp08xsxzn 200 in 1805ms (compile: 1708ms, render: 97ms)
 POST /api/marks/bulk-upsert 200 in 422ms (compile: 339ms, render: 83ms)
 GET /classes/cmi8680lv000b4zdqp08xsxzn 200 in 388ms (compile: 274ms, render: 114ms)
 POST /api/marks/bulk-upsert 200 in 80ms (compile: 5ms, render: 75ms)
 GET /classes/cmi8680lv000b4zdqp08xsxzn 200 in 330ms (compile: 260ms, render: 71ms)
 GET /classes 200 in 97ms (compile: 5ms, render: 92ms)
 GET /assessment-plans 200 in 83ms (compile: 5ms, render: 78ms)
 GET /registrations 200 in 39ms (compile: 3ms, render: 36ms)
 POST /api/registrations 201 in 252ms (compile: 220ms, render: 32ms)
 GET /registrations 200 in 76ms (compile: 4ms, render: 72ms)
 PATCH /api/registrations/cmiaajey5000l4zzd5ipzfkcp 200 in 911ms (compile: 880ms, render: 31ms)
 GET /registrations 200 in 60ms (compile: 4ms, render: 56ms)
 PATCH /api/registrations/cmiaajey5000l4zzd5ipzfkcp 200 in 123ms (compile: 87ms, render: 36ms)
 GET /registrations 200 in 67ms (compile: 5ms, render: 63ms)
 PATCH /api/registrations/cmiaajey5000l4zzd5ipzfkcp 200 in 140ms (compile: 84ms, render: 56ms)
 GET /registrations 200 in 43ms (compile: 3ms, render: 40ms)
 GET /students 200 in 836ms (compile: 808ms, render: 28ms)
 GET /classes/cmi8680lv000b4zdqp08xsxzn 200 in 204ms (compile: 95ms, render: 110ms)
 POST /api/marks/bulk-upsert 200 in 80ms (compile: 4ms, render: 76ms)
 GET /classes/cmi8680lv000b4zdqp08xsxzn 200 in 177ms (compile: 83ms, render: 93ms)
 POST /api/marks/bulk-upsert 200 in 80ms (compile: 5ms, render: 75ms)
 GET /classes/cmi8680lv000b4zdqp08xsxzn 200 in 446ms (compile: 335ms, render: 111ms)
 POST /api/marks/bulk-upsert 200 in 72ms (compile: 4ms, render: 67ms)
 GET /classes/cmi8680lv000b4zdqp08xsxzn 200 in 177ms (compile: 84ms, render: 93ms)
 GET /assessment-plans 200 in 80ms (compile: 6ms, render: 75ms)
 GET /assessment-plans/cmi88oahz000y4zdqu1ff137a 200 in 1784ms (compile: 1717ms, render: 67ms)
 POST /assessment-plans/cmi88oahz000y4zdqu1ff137a 200 in 148ms (compile: 95ms, render: 53ms)
 POST /assessment-plans/cmi88oahz000y4zdqu1ff137a 200 in 126ms (compile: 87ms, render: 39ms)
 PATCH /api/assessment-plans/cmi88oahz000y4zdqu1ff137a/workflow 400 in 823ms (compile: 810ms, render: 12ms)
 GET /assessment-plans/cmi88oahz000y4zdqu1ff137a 200 in 122ms (compile: 68ms, render: 54ms)
 GET /assessment-plans 200 in 89ms (compile: 5ms, render: 84ms)
 GET /assessment-plans/cmi88oahz000y4zdqu1ff137a 200 in 115ms (compile: 67ms, render: 48ms)
 GET /classes 200 in 100ms (compile: 5ms, render: 95ms)
 GET /assessment-plans 200 in 85ms (compile: 4ms, render: 81ms)
 GET /dashboard 200 in 148ms (compile: 5ms, render: 143ms)
 GET /teachers 200 in 744ms (compile: 703ms, render: 41ms)
 POST /api/teacher-class-assignments 201 in 270ms (compile: 205ms, render: 66ms)
 GET /teachers 200 in 234ms (compile: 164ms, render: 70ms)
 GET /students 200 in 69ms (compile: 8ms, render: 61ms)
 GET /classes 200 in 98ms (compile: 4ms, render: 94ms)
 GET /classes/cmi8680lv000b4zdqp08xsxzn 200 in 187ms (compile: 93ms, render: 94ms)
 POST /api/marks/bulk-upsert 200 in 80ms (compile: 4ms, render: 76ms)
 GET /classes/cmi8680lv000b4zdqp08xsxzn 200 in 344ms (compile: 222ms, render: 122ms)
 POST /api/marks/bulk-upsert 200 in 83ms (compile: 4ms, render: 79ms)
 GET /classes/cmi8680lv000b4zdqp08xsxzn 200 in 437ms (compile: 313ms, render: 124ms)
The width(-1) and height(-1) of chart should be greater than 0,
       please check the style of container, or the props width(100%) and height(100%),
       or add a minWidth(0) or minHeight(undefined) or use aspect(undefined) to control the
       height and width.
 GET /classes/cmi8680lv000b4zdqp08xsxzn 200 in 520ms (compile: 90ms, render: 430ms)
 GET /api/schools 200 in 18ms (compile: 5ms, render: 13ms)
 GET /settings/grading 200 in 621ms (compile: 590ms, render: 31ms)
 GET /settings/grading 200 in 55ms (compile: 4ms, render: 50ms)
 GET /schools 200 in 746ms (compile: 692ms, render: 55ms)
 GET /registrations 200 in 77ms (compile: 5ms, render: 72ms)
 GET /assessment-plans 200 in 87ms (compile: 5ms, render: 82ms)
 GET /assessment-plans 200 in 211ms (compile: 4ms, render: 206ms)
 GET /api/schools 200 in 26ms (compile: 5ms, render: 22ms)
 GET /assessment-plans 200 in 159ms (compile: 6ms, render: 153ms)
 GET /api/schools 200 in 13ms (compile: 3ms, render: 9ms)
 GET /classes 200 in 93ms (compile: 5ms, render: 89ms)
 GET /dashboard 200 in 143ms (compile: 3ms, render: 140ms)
 GET /registrations 200 in 68ms (compile: 5ms, render: 63ms)
 GET /students 200 in 54ms (compile: 4ms, render: 49ms)
 GET /teachers 200 in 73ms (compile: 5ms, render: 68ms)
 GET /schools 200 in 61ms (compile: 5ms, render: 56ms)
 GET /teachers 200 in 79ms (compile: 7ms, render: 72ms)
 GET /students 200 in 59ms (compile: 5ms, render: 54ms)
 GET /registrations 200 in 43ms (compile: 4ms, render: 39ms)
 GET /assessment-plans 200 in 89ms (compile: 4ms, render: 85ms)
 GET /classes 200 in 97ms (compile: 5ms, render: 92ms)
 GET /dashboard 200 in 145ms (compile: 5ms, render: 141ms)
 GET /assessment-plans 200 in 87ms (compile: 5ms, render: 82ms)
 GET /assessment-plans/cmi88oahz000y4zdqu1ff137a 200 in 158ms (compile: 96ms, render: 61ms)
 PATCH /api/assessment-plans/cmi88oahz000y4zdqu1ff137a/workflow 400 in 107ms (compile: 92ms, render: 16ms)
 GET /assessment-plans/cmi88oahz000y4zdqu1ff137a 200 in 125ms (compile: 70ms, render: 54ms)
 PATCH /api/assessments/cmi88oai0000z4zdqnqli4vh9 200 in 989ms (compile: 923ms, render: 65ms)
 GET /assessment-plans/cmi88oahz000y4zdqu1ff137a 200 in 156ms (compile: 91ms, render: 65ms)
 PATCH /api/assessments/cmi88oai000104zdq1w7xs6gk 200 in 207ms (compile: 92ms, render: 115ms)
 GET /assessment-plans/cmi88oahz000y4zdqu1ff137a 200 in 297ms (compile: 209ms, render: 88ms)
 PATCH /api/assessment-plans/cmi88oahz000y4zdqu1ff137a/workflow 400 in 94ms (compile: 84ms, render: 11ms)
 GET /assessment-plans/cmi88oahz000y4zdqu1ff137a 200 in 110ms (compile: 65ms, render: 45ms)
The width(-1) and height(-1) of chart should be greater than 0,
       please check the style of container, or the props width(100%) and height(100%),
       or add a minWidth(0) or minHeight(undefined) or use aspect(undefined) to control the
       height and width.
 GET /assessment-plans/cmi88oahz000y4zdqu1ff137a 200 in 411ms (compile: 93ms, render: 318ms)
 GET /api/schools 200 in 16ms (compile: 4ms, render: 12ms)
 GET /classes 200 in 115ms (compile: 7ms, render: 108ms)
 GET /dashboard 200 in 126ms (compile: 4ms, render: 122ms)
 GET /registrations 200 in 69ms (compile: 4ms, render: 65ms)
 GET /students 200 in 55ms (compile: 5ms, render: 50ms)
 GET /teachers 200 in 60ms (compile: 4ms, render: 56ms)
 GET /schools 200 in 55ms (compile: 5ms, render: 50ms)
 GET /settings/grading 200 in 41ms (compile: 3ms, render: 38ms)
 GET /registrations 200 in 72ms (compile: 6ms, render: 66ms)
 GET /assessment-plans 200 in 78ms (compile: 5ms, render: 72ms)
 GET /classes 200 in 103ms (compile: 4ms, render: 99ms)
 GET /dashboard 200 in 149ms (compile: 5ms, render: 144ms)
 GET /assessment-plans 200 in 87ms (compile: 5ms, render: 82ms)
 GET /classes 200 in 94ms (compile: 5ms, render: 89ms)
 GET /dashboard 200 in 128ms (compile: 5ms, render: 123ms)
 GET /registrations 200 in 70ms (compile: 4ms, render: 66ms)
 GET /assessment-plans 200 in 79ms (compile: 5ms, render: 74ms)
 GET /assessment-plans/cmi88oahz000y4zdqu1ff137a 200 in 148ms (compile: 94ms, render: 54ms)
 GET /classes 200 in 95ms (compile: 5ms, render: 90ms)
 GET /classes/cmi8680lv000b4zdqp08xsxzn 200 in 191ms (compile: 94ms, render: 96ms)
 POST /api/marks/bulk-upsert 200 in 48ms (compile: 4ms, render: 44ms)
 GET /classes/cmi8680lv000b4zdqp08xsxzn 200 in 422ms (compile: 311ms, render: 111ms)
 ✓ Compiled in 339ms
 GET /classes/cmi8680lv000b4zdqp08xsxzn 200 in 378ms (compile: 194ms, render: 184ms)
 GET /classes/cmi8680lv000b4zdqp08xsxzn 200 in 109ms (compile: 4ms, render: 104ms)
 ✓ Compiled in 274ms
 GET /classes/cmi8680lv000b4zdqp08xsxzn 200 in 313ms (compile: 204ms, render: 109ms)
 GET /classes/cmi8680lv000b4zdqp08xsxzn 200 in 145ms (compile: 58ms, render: 87ms)
 GET /dashboard 200 in 226ms (compile: 85ms, render: 141ms)
 GET /assessment-plans 200 in 97ms (compile: 7ms, render: 90ms)
 GET /classes 200 in 91ms (compile: 5ms, render: 86ms)
 GET /registrations 200 in 45ms (compile: 4ms, render: 41ms)
 GET /students 200 in 55ms (compile: 5ms, render: 50ms)
 GET /teachers 200 in 66ms (compile: 5ms, render: 61ms)
 GET /schools 200 in 58ms (compile: 5ms, render: 53ms)
 GET /settings/grading 200 in 67ms (compile: 5ms, render: 62ms)
 GET /registrations 200 in 43ms (compile: 3ms, render: 40ms)
 GET /assessment-plans 200 in 58ms (compile: 4ms, render: 54ms)
 GET /classes 200 in 95ms (compile: 5ms, render: 90ms)
 GET /dashboard 200 in 126ms (compile: 4ms, render: 123ms)
 ✓ Compiled in 284ms
 GET /dashboard 200 in 229ms (compile: 106ms, render: 123ms)
 GET /dashboard 200 in 110ms (compile: 2ms, render: 107ms)
 GET /classes 200 in 85ms (compile: 5ms, render: 80ms)
 GET /assessment-plans 200 in 80ms (compile: 5ms, render: 75ms)
 GET /registrations 200 in 52ms (compile: 4ms, render: 48ms)
 GET /students 200 in 56ms (compile: 4ms, render: 52ms)
 GET /teachers 200 in 66ms (compile: 4ms, render: 61ms)
 GET /schools 200 in 29ms (compile: 4ms, render: 25ms)
 GET /teachers 200 in 63ms (compile: 4ms, render: 59ms)
 GET /settings/grading 200 in 49ms (compile: 4ms, render: 45ms)
 GET /schools 200 in 51ms (compile: 4ms, render: 47ms)
 GET /teachers 200 in 47ms (compile: 4ms, render: 42ms)
 GET /students 200 in 40ms (compile: 4ms, render: 36ms)
 GET /registrations 200 in 36ms (compile: 4ms, render: 32ms)
 GET /assessment-plans 200 in 73ms (compile: 5ms, render: 68ms)
 GET /classes 200 in 68ms (compile: 4ms, render: 64ms)
 GET /dashboard 200 in 113ms (compile: 4ms, render: 109ms)
The width(-1) and height(-1) of chart should be greater than 0,
       please check the style of container, or the props width(100%) and height(100%),
       or add a minWidth(0) or minHeight(undefined) or use aspect(undefined) to control the
       height and width.
 GET /dashboard 200 in 614ms (compile: 5ms, render: 609ms)
 GET /api/schools 200 in 18ms (compile: 4ms, render: 14ms)
